---
source: crates/ruff/src/rules/flake8_use_pathlib/mod.rs
---
PTH206.py:7:1: PTH206 Replace `with` block for reading file with `Path(file_name).read_text()`
   |
 5 |       data = g.hello("foo bar")
 6 |   
 7 | / with open("r") as f:
 8 | |     hello = f.read()
   | |____________________^ PTH206
 9 |   
10 |   with (nothing(), nothing()) as h:
   |


